../Core/Src/main.c:109:6:HAL_TIM_IC_CaptureCallback	16	static
../Core/Src/main.c:133:6:HAL_TIM_PeriodElapsedCallback	16	static
../Core/Src/main.c:146:5:main	48	static
../Core/Src/main.c:230:6:SystemClock_Config	72	static
../Core/Src/main.c:266:13:MX_TIM2_Init	64	static
../Core/Src/main.c:330:13:MX_TIM3_Init	56	static
../Core/Src/main.c:379:13:MX_TIM4_Init	56	static
../Core/Src/main.c:428:13:MX_USART1_UART_Init	8	static
../Core/Src/main.c:461:13:MX_GPIO_Init	40	static
../Core/Src/main.c:493:6:Error_Handler	4	static,ignoring_inline_asm
